// Jest Snapshot v1, https://goo.gl/fbAQLP

exports[`Render DemoUseResources (none valid vm) 1`] = `
<DocumentFragment>
  <small
    class=""
    data-ouia-component-id="OUIA-Generated-Text-1"
    data-ouia-component-type="PF4/Text"
    data-ouia-safe="true"
    data-pf-content="true"
    data-test-id="DemoUseResourceTest"
  >
    Missing virtual machine data
  </small>
</DocumentFragment>
`;

exports[`Render DemoUseResources (valid vm) 1`] = `
<DocumentFragment>
  <div
    class="pf-c-label-group"
  >
    <div
      class="pf-c-label-group__main"
    >
      <ul
        aria-label="Label group category"
        class="pf-c-label-group__list"
        role="list"
      >
        <li
          class="pf-c-label-group__list-item"
        >
          <span
            class="pf-c-label"
          >
            <a
              class="pf-c-label__content"
              href="#"
            >
              <span
                class="pf-c-label__text"
              >
                VMINotExists=False
              </span>
            </a>
          </span>
        </li>
      </ul>
    </div>
  </div>
</DocumentFragment>
`;
